// Jest Snapshot v1, https://goo.gl/fbAQLP

exports[`DocumentationSidebarRight correctly matches snapshot 1`] = `
<div>
  <nav
    class="css-133zsmp"
    data-sidebar="true"
  >
    <p
      class="css-xqbzh-TextComponent"
      data-text="true"
    >
      On this page
    </p>
    <a
      class="css-m1u49p"
      href="#base-level-heading"
      style="padding-left: 0px;"
    >
      <span
        class="css-12j5c3t"
      >
        Base level heading
      </span>
    </a>
    <a
      class="css-aiepi2"
      href="#level-3-subheading"
      style="padding-left: 12px;"
    >
      <span
        class="css-12j5c3t"
      >
        Level 3 subheading
      </span>
    </a>
    <a
      class="css-aiepi2"
      href="#code-heading-depth-1"
      style="padding-left: 12px;"
    >
      <span
        class="css-1ta84j1"
      >
        Code heading depth 1
      </span>
    </a>
  </nav>
</div>
`;
